Starting a Gradle Daemon (subsequent builds will be faster)

> Configure project :
Fabric Loom: 1.7.3
~~~~~~~~~~~~~~~~~~~~~~~~~~~~~~~~~~~~~~~~~~~~~~~~~~~~~~~~~~~~~~
Using of the official minecraft mappings is at your own risk!
Please make sure to read and understand the following license:
~~~~~~~~~~~~~~~~~~~~~~~~~~~~~~~~~~~~~~~~~~~~~~~~~~~~~~~~~~~~~~
# (c) 2020 Microsoft Corporation. These mappings are provided "as-is" and you bear the risk of using them. You may copy and use the mappings for development purposes, but you may not redistribute the mappings complete and unmodified. Microsoft makes no warranties, express or implied, with respect to the mappings provided here.  Use and modification of this document or the source code (in any form) of Minecraft: Java Edition is governed by the Minecraft End User License Agreement available at https://account.mojang.com/documents/minecraft_eula.
~~~~~~~~~~~~~~~~~~~~~~~~~~~~~~~~~~~~~~~~~~~~~~~~~~~~~~~~~~~~~~
:remapping 50 mods from modImplementation (java-api)

> Task :compileJava
> Task :processResources
> Task :classes
> Task :generateLog4jConfig
> Task :generateRemapClasspath
> Task :generateDLIConfig
> Task :configureLaunch
> Task :downloadAssets
> Task :configureClientLaunch

> Task :runClient
[17:30:40] [main/INFO] (FabricLoader/GameProvider) Loading Minecraft 1.21.1 with Fabric Loader 0.16.14
[17:30:40] [main/INFO] (FabricLoader) Loading 54 mods:
	- fabric-api 0.116.0+1.21.1
	- fabric-api-base 0.4.42+6573ed8c19
	- fabric-api-lookup-api-v1 1.6.71+b559734419
	- fabric-biome-api-v1 13.0.31+d527f9fd19
	- fabric-block-api-v1 1.0.22+0af3f5a719
	- fabric-block-view-api-v2 1.0.11+ebb2264e19
	- fabric-blockrenderlayer-v1 1.1.52+0af3f5a719
	- fabric-client-tags-api-v1 1.1.15+6573ed8c19
	- fabric-command-api-v1 1.2.49+f71b366f19
	- fabric-command-api-v2 2.2.28+6ced4dd919
	- fabric-commands-v0 0.2.66+df3654b319
	- fabric-content-registries-v0 8.0.19+b559734419
	- fabric-convention-tags-v1 2.1.5+7f945d5b19
	- fabric-convention-tags-v2 2.11.1+a406e79519
	- fabric-crash-report-info-v1 0.2.29+0af3f5a719
	- fabric-data-attachment-api-v1 1.4.3+a15b7ead19
	- fabric-data-generation-api-v1 20.2.29+16c4ae2519
	- fabric-dimensions-v1 4.0.0+6fc22b9919
	- fabric-entity-events-v1 1.7.0+2122d82819
	- fabric-events-interaction-v0 0.7.13+ba9dae0619
	- fabric-game-rule-api-v1 1.0.53+6ced4dd919
	- fabric-gametest-api-v1 2.0.5+6fc22b9919
	- fabric-item-api-v1 11.1.1+d5debaed19
	- fabric-item-group-api-v1 4.1.7+def88e3a19
	- fabric-key-binding-api-v1 1.0.47+0af3f5a719
	- fabric-keybindings-v0 0.2.45+df3654b319
	- fabric-lifecycle-events-v1 2.6.0+0865547519
	- fabric-loot-api-v2 3.0.15+3f89f5a519
	- fabric-loot-api-v3 1.0.3+3f89f5a519
	- fabric-message-api-v1 6.0.13+6573ed8c19
	- fabric-model-loading-api-v1 2.0.0+fe474d6b19
	- fabric-networking-api-v1 4.3.0+c7469b2119
	- fabric-object-builder-api-v1 15.2.1+40875a9319
	- fabric-particles-v1 4.0.2+6573ed8c19
	- fabric-recipe-api-v1 5.0.14+248df81c19
	- fabric-registry-sync-v0 5.2.0+34f5d91419
	- fabric-renderer-api-v1 3.4.0+c705a49c19
	- fabric-renderer-indigo 1.7.0+c705a49c19
	- fabric-renderer-registries-v1 3.2.68+df3654b319
	- fabric-rendering-data-attachment-v1 0.3.49+73761d2e19
	- fabric-rendering-fluids-v1 3.1.6+1daea21519
	- fabric-rendering-v0 1.1.71+df3654b319
	- fabric-rendering-v1 5.0.5+df16efd019
	- fabric-resource-conditions-api-v1 4.3.0+8dc279b119
	- fabric-resource-loader-v0 1.3.1+5b5275af19
	- fabric-screen-api-v1 2.0.25+8b68f1c719
	- fabric-screen-handler-api-v1 1.3.88+b559734419
	- fabric-sound-api-v1 1.0.23+6573ed8c19
	- fabric-transfer-api-v1 5.4.3+c24bd99419
	- fabric-transitive-access-wideners-v1 6.2.0+45b9699719
	- fabricloader 0.16.14
	- java 21
	- minecraft 1.21.1
	- mixinextras 0.4.1
[17:30:40] [main/INFO] (FabricLoader/Mixin) SpongePowered MIXIN Subsystem Version=0.8.7 Source=file:/Users/runner/.gradle/caches/modules-2/files-2.1/net.fabricmc/sponge-mixin/0.15.5+mixin.0.8.7/22f9eb729e216a091673a574a5906dc1b9027fb3/sponge-mixin-0.15.5+mixin.0.8.7.jar Service=Knot/Fabric Env=CLIENT
[17:30:40] [main/INFO] (FabricLoader/Mixin) Loaded Fabric development mappings for mixin remapper!
[17:30:40] [main/INFO] (FabricLoader/Mixin) Compatibility level set to JAVA_17
[17:30:40] [main/INFO] (FabricLoader/Mixin) Compatibility level set to JAVA_21
[17:30:41] [main/INFO] (FabricLoader/MixinExtras|Service) Initializing MixinExtras via com.llamalad7.mixinextras.service.MixinExtrasServiceImpl(version=0.4.1).
[17:30:42] [Datafixer Bootstrap/INFO] (Minecraft) 226 Datafixer optimizations took 237 milliseconds
[17:30:47] [Render thread/INFO] (Minecraft) Environment: Environment[sessionHost=https://sessionserver.mojang.com, servicesHost=https://api.minecraftservices.com, name=PROD]
[17:30:47] [Render thread/INFO] (Minecraft) Setting user: Player422
[17:30:47] [Render thread/INFO] (Indigo) [Indigo] Registering Indigo renderer!
[17:30:47] [Render thread/INFO] (Minecraft) Backend library: LWJGL version 3.3.3-snapshot
[mithril W 17:30:48.692 init] Build commit: ff18c693242f777d738c7840c884cd32a8fe5ed9
[mithril W 17:30:49.699 vk] Swapchain: presentMode=0 (available=2)
[17:30:51] [Render thread/INFO] (Minecraft) Reloading ResourceManager: vanilla, fabric, fabric-api, fabric-api-base, fabric-api-lookup-api-v1, fabric-biome-api-v1, fabric-block-api-v1, fabric-block-view-api-v2, fabric-blockrenderlayer-v1, fabric-client-tags-api-v1, fabric-command-api-v1, fabric-command-api-v2, fabric-commands-v0, fabric-content-registries-v0, fabric-convention-tags-v1, fabric-convention-tags-v2, fabric-crash-report-info-v1, fabric-data-attachment-api-v1, fabric-data-generation-api-v1, fabric-dimensions-v1, fabric-entity-events-v1, fabric-events-interaction-v0, fabric-game-rule-api-v1, fabric-gametest-api-v1, fabric-item-api-v1, fabric-item-group-api-v1, fabric-key-binding-api-v1, fabric-keybindings-v0, fabric-lifecycle-events-v1, fabric-loot-api-v2, fabric-loot-api-v3, fabric-message-api-v1, fabric-model-loading-api-v1, fabric-networking-api-v1, fabric-object-builder-api-v1, fabric-particles-v1, fabric-recipe-api-v1, fabric-registry-sync-v0, fabric-renderer-api-v1, fabric-renderer-indigo, fabric-renderer-registries-v1, fabric-rendering-data-attachment-v1, fabric-rendering-fluids-v1, fabric-rendering-v0, fabric-rendering-v1, fabric-resource-conditions-api-v1, fabric-resource-loader-v0, fabric-screen-api-v1, fabric-screen-handler-api-v1, fabric-sound-api-v1, fabric-transfer-api-v1, fabric-transitive-access-wideners-v1, fabricloader
[17:30:51] [Worker-Main-1/INFO] (Minecraft) Found unifont_all_no_pua-15.1.05.hex, loading
[mithril W 17:30:51.306 vk-diag] prepare_draw accepted user-FBO draw #1 (default-FBO accepted=0 program=6)
[mithril W 17:30:51.312 vk-diag] prepare_draw accepted user-FBO draw #2 (default-FBO accepted=0 program=6)
[mithril W 17:30:51.360 vk-diag] prepare_draw accepted user-FBO draw #3 (default-FBO accepted=0 program=2)
[mithril W 17:30:51.363 vk-diag] prepare_draw accepted user-FBO draw #4 (default-FBO accepted=0 program=2)
[mithril W 17:30:51.363 vk-diag] prepare_draw accepted user-FBO draw #5 (default-FBO accepted=0 program=2)
[17:30:51] [Worker-Main-1/INFO] (Minecraft) Found unifont_jp_patch-15.1.05.hex, loading
[mithril W 17:30:51.531 vk-diag] prepare_draw accepted default-FBO draw #1 (user-FBO accepted=7 program=1)
[mithril W 17:30:51.908 vk-diag] B1 present frame #1 clearColor=(0.937 0.196 0.239 1.000) draws=0
[mithril W 17:30:51.927 vk-diag] prepare_draw accepted default-FBO draw #2 (user-FBO accepted=14 program=1)
[mithril W 17:30:51.955 vk-diag] B1 present frame #2 clearColor=(0.937 0.196 0.239 1.000) draws=0
[mithril W 17:30:51.966 vk-diag] prepare_draw accepted default-FBO draw #3 (user-FBO accepted=21 program=1)
[mithril W 17:30:51.970 vk-diag] B1 present frame #3 clearColor=(0.937 0.196 0.239 1.000) draws=0
[mithril W 17:30:51.984 vk-diag] prepare_draw accepted default-FBO draw #4 (user-FBO accepted=28 program=1)
[mithril W 17:30:51.987 vk-diag] B1 present frame #4 clearColor=(0.937 0.196 0.239 1.000) draws=0
[mithril W 17:30:52.017 vk-diag] prepare_draw accepted default-FBO draw #5 (user-FBO accepted=35 program=1)
[mithril W 17:30:52.020 vk-diag] B1 present frame #5 clearColor=(0.937 0.196 0.239 1.000) draws=0
[mithril W 17:30:52.057 vk-diag] B1 present frame #6 clearColor=(0.937 0.196 0.239 1.000) draws=0
[mithril W 17:30:52.071 vk-diag] B1 present frame #7 clearColor=(0.937 0.196 0.239 1.000) draws=0
[mithril W 17:30:52.104 vk-diag] B1 present frame #8 clearColor=(0.937 0.196 0.239 1.000) draws=0
[mithril W 17:30:52.153 vk-diag] B1 present frame #9 clearColor=(0.937 0.196 0.239 1.000) draws=0
[mithril W 17:30:52.167 vk-diag] B1 present frame #10 clearColor=(0.937 0.196 0.239 1.000) draws=0
[mithril W 17:30:52.197 vk-diag] B1 present frame #11 clearColor=(0.937 0.196 0.239 1.000) draws=0
[mithril W 17:30:52.223 vk-diag] B1 present frame #12 clearColor=(0.937 0.196 0.239 1.000) draws=0
[mithril W 17:30:52.238 vk-diag] B1 present frame #13 clearColor=(0.937 0.196 0.239 1.000) draws=0
[mithril W 17:30:52.271 vk-diag] B1 present frame #14 clearColor=(0.937 0.196 0.239 1.000) draws=0
[mithril W 17:30:52.305 vk-diag] B1 present frame #15 clearColor=(0.937 0.196 0.239 1.000) draws=0
[mithril W 17:30:52.336 vk-diag] B1 present frame #16 clearColor=(0.937 0.196 0.239 1.000) draws=0
[mithril W 17:30:52.354 vk-diag] B1 present frame #17 clearColor=(0.937 0.196 0.239 1.000) draws=0
[mithril W 17:30:52.372 vk-diag] B1 present frame #18 clearColor=(0.937 0.196 0.239 1.000) draws=0
[mithril W 17:30:52.416 vk-diag] B1 present frame #19 clearColor=(0.937 0.196 0.239 1.000) draws=0
[mithril W 17:30:52.435 vk-diag] B1 present frame #20 clearColor=(0.937 0.196 0.239 1.000) draws=0
[mithril W 17:30:52.448 vk-diag] B1 present frame #21 clearColor=(0.937 0.196 0.239 1.000) draws=0
[mithril W 17:30:52.479 vk-diag] B1 present frame #22 clearColor=(0.937 0.196 0.239 1.000) draws=0
[mithril W 17:30:52.494 vk-diag] B1 present frame #23 clearColor=(0.937 0.196 0.239 1.000) draws=0
[mithril W 17:30:52.529 vk-diag] B1 present frame #24 clearColor=(0.937 0.196 0.239 1.000) draws=0
[mithril W 17:30:52.563 vk-diag] B1 present frame #25 clearColor=(0.937 0.196 0.239 1.000) draws=0
[mithril W 17:30:52.581 vk-diag] B1 present frame #26 clearColor=(0.937 0.196 0.239 1.000) draws=0
[mithril W 17:30:52.623 vk-diag] B1 present frame #27 clearColor=(0.937 0.196 0.239 1.000) draws=0
[mithril W 17:30:52.639 vk-diag] B1 present frame #28 clearColor=(0.937 0.196 0.239 1.000) draws=0
[mithril W 17:30:52.659 vk-diag] B1 present frame #29 clearColor=(0.937 0.196 0.239 1.000) draws=0
[mithril W 17:30:52.676 vk-diag] B1 present frame #30 clearColor=(0.937 0.196 0.239 1.000) draws=0
[mithril W 17:30:52.691 vk-diag] B1 present frame #31 clearColor=(0.937 0.196 0.239 1.000) draws=0
[mithril W 17:30:52.713 vk-diag] B1 present frame #32 clearColor=(0.937 0.196 0.239 1.000) draws=0
[mithril W 17:30:52.731 vk-diag] B1 present frame #33 clearColor=(0.937 0.196 0.239 1.000) draws=0
[mithril W 17:30:52.756 vk-diag] B1 present frame #34 clearColor=(0.937 0.196 0.239 1.000) draws=0
[mithril W 17:30:52.773 vk-diag] B1 present frame #35 clearColor=(0.937 0.196 0.239 1.000) draws=0
[mithril W 17:30:52.797 vk-diag] B1 present frame #36 clearColor=(0.937 0.196 0.239 1.000) draws=0
[mithril W 17:30:52.821 vk-diag] B1 present frame #37 clearColor=(0.937 0.196 0.239 1.000) draws=0
[mithril W 17:30:52.846 vk-diag] B1 present frame #38 clearColor=(0.937 0.196 0.239 1.000) draws=0
[mithril W 17:30:52.902 vk-diag] B1 present frame #39 clearColor=(0.937 0.196 0.239 1.000) draws=0
[mithril W 17:30:52.935 vk-diag] B1 present frame #40 clearColor=(0.937 0.196 0.239 1.000) draws=0
[17:30:52] [Render thread/WARN] (Minecraft) Missing sound for event: minecraft:item.goat_horn.play
[17:30:52] [Render thread/WARN] (Minecraft) Missing sound for event: minecraft:entity.goat.screaming.horn_break
[17:30:53] [Render thread/INFO] (Minecraft) OpenAL initialized on device Apple Virtual Sound Device
[17:30:53] [Render thread/INFO] (Minecraft) Sound engine started
[17:30:53] [Render thread/INFO] (Minecraft) Created: 1024x512x4 minecraft:textures/atlas/blocks.png-atlas
[17:30:53] [Render thread/INFO] (Minecraft) Created: 256x256x4 minecraft:textures/atlas/signs.png-atlas
[17:30:53] [Render thread/INFO] (Minecraft) Created: 512x512x4 minecraft:textures/atlas/banner_patterns.png-atlas
[17:30:53] [Render thread/INFO] (Minecraft) Created: 512x512x4 minecraft:textures/atlas/shield_patterns.png-atlas
[17:30:53] [Render thread/INFO] (Minecraft) Created: 1024x1024x4 minecraft:textures/atlas/armor_trims.png-atlas
[17:30:53] [Render thread/INFO] (Minecraft) Created: 256x256x4 minecraft:textures/atlas/chest.png-atlas
[17:30:53] [Render thread/INFO] (Minecraft) Created: 128x64x4 minecraft:textures/atlas/decorated_pot.png-atlas
[17:30:53] [Render thread/INFO] (Minecraft) Created: 512x256x4 minecraft:textures/atlas/beds.png-atlas
[17:30:53] [Render thread/INFO] (Minecraft) Created: 512x256x4 minecraft:textures/atlas/shulker_boxes.png-atlas
[17:30:53] [Render thread/INFO] (Minecraft) Created: 512x256x0 minecraft:textures/atlas/particles.png-atlas
[17:30:53] [Render thread/INFO] (Minecraft) Created: 512x256x0 minecraft:textures/atlas/paintings.png-atlas
[17:30:53] [Render thread/INFO] (Minecraft) Created: 256x128x0 minecraft:textures/atlas/mob_effects.png-atlas
[17:30:53] [Render thread/INFO] (Minecraft) Created: 64x64x0 minecraft:textures/atlas/map_decorations.png-atlas
[17:30:53] [Render thread/INFO] (Minecraft) Created: 1024x512x0 minecraft:textures/atlas/gui.png-atlas
[mithril W 17:30:54.477 vk-diag] B1 present frame #41 clearColor=(0.937 0.196 0.239 1.000) draws=0
[mithril W 17:30:54.708 vk-diag] B1 present frame #42 clearColor=(0.937 0.196 0.239 1.000) draws=0
[mithril W 17:30:54.725 vk-diag] B1 present frame #43 clearColor=(0.937 0.196 0.239 1.000) draws=0
[mithril W 17:30:54.730 vk-diag] B1 present frame #44 clearColor=(0.937 0.196 0.239 1.000) draws=0
[mithril W 17:30:54.755 vk-diag] B1 present frame #45 clearColor=(0.937 0.196 0.239 1.000) draws=0
[mithril W 17:30:54.773 vk-diag] B1 present frame #46 clearColor=(0.937 0.196 0.239 1.000) draws=0
[mithril W 17:30:54.806 vk-diag] B1 present frame #47 clearColor=(0.937 0.196 0.239 1.000) draws=0
[mithril W 17:30:54.828 vk-diag] B1 present frame #48 clearColor=(0.937 0.196 0.239 1.000) draws=0
[mithril W 17:30:54.857 vk-diag] B1 present frame #49 clearColor=(0.937 0.196 0.239 1.000) draws=0
[mithril W 17:30:54.890 vk-diag] B1 present frame #50 clearColor=(0.937 0.196 0.239 1.000) draws=0
[mithril W 17:30:54.920 vk-diag] B1 present frame #51 clearColor=(0.937 0.196 0.239 1.000) draws=0
[mithril W 17:30:54.945 vk-diag] B1 present frame #52 clearColor=(0.937 0.196 0.239 1.000) draws=0
[mithril W 17:30:54.975 vk-diag] B1 present frame #53 clearColor=(0.937 0.196 0.239 1.000) draws=0
[mithril W 17:30:55.004 vk-diag] B1 present frame #54 clearColor=(0.937 0.196 0.239 1.000) draws=0
[mithril W 17:30:55.028 vk-diag] B1 present frame #55 clearColor=(0.937 0.196 0.239 1.000) draws=0
[mithril W 17:30:55.060 vk-diag] B1 present frame #56 clearColor=(0.937 0.196 0.239 1.000) draws=0
[mithril W 17:30:55.090 vk-diag] B1 present frame #57 clearColor=(0.937 0.196 0.239 1.000) draws=0
[mithril W 17:30:55.120 vk-diag] B1 present frame #58 clearColor=(0.937 0.196 0.239 1.000) draws=0
[mithril W 17:30:55.148 vk-diag] B1 present frame #59 clearColor=(0.937 0.196 0.239 1.000) draws=0
[mithril W 17:30:55.181 vk-diag] B1 present frame #60 clearColor=(0.937 0.196 0.239 1.000) draws=0
[mithril W 17:30:58.438 vk-diag] prepare_draw accepted user-FBO draw #5000 (default-FBO accepted=144 program=46)
[mithril W 17:30:58.607 vk] vkAllocateDescriptorSets failed (program 15, slot 1, gen 153) — descriptor pool exhausted; growing a secondary pool (log 1)
[mithril W 17:30:58.638 vk] vkAllocateDescriptorSets failed (program 15, slot 0, gen 154) — descriptor pool exhausted; growing a secondary pool (log 2)
[mithril W 17:30:59.304 vk] vkAllocateDescriptorSets failed (program 14, slot 1, gen 177) — descriptor pool exhausted; growing a secondary pool (log 3)
2026-09-26 17:31:00.088 java[6095:19670] forwardInvocation: <NSInvocation: 0x600002487880>
2026-09-26 17:31:00.088 java[6095:19670] Before CallBooleanMethod
2026-09-26 17:31:00.089 java[6095:19670] After CallBooleanMethod
[mithril W 17:31:00.761 vk-diag] prepare_draw accepted user-FBO draw #10000 (default-FBO accepted=229 program=15)
[mithril W 17:31:02.988 vk-diag] prepare_draw accepted user-FBO draw #15000 (default-FBO accepted=314 program=15)
[mithril W 17:31:06.004 vk-diag] prepare_draw accepted user-FBO draw #20000 (default-FBO accepted=398 program=46)
[mithril W 17:31:08.652 vk-diag] prepare_draw accepted user-FBO draw #25000 (default-FBO accepted=483 program=59)
[mithril W 17:31:11.069 vk-diag] prepare_draw accepted user-FBO draw #30000 (default-FBO accepted=568 program=15)
[mithril W 17:31:13.359 vk-diag] prepare_draw accepted user-FBO draw #35000 (default-FBO accepted=653 program=15)
[mithril W 17:31:16.178 vk-diag] prepare_draw accepted user-FBO draw #40000 (default-FBO accepted=737 program=14)
[mithril W 17:31:19.213 vk-diag] prepare_draw accepted user-FBO draw #45000 (default-FBO accepted=822 program=59)
[mithril W 17:31:22.232 vk-diag] prepare_draw accepted user-FBO draw #50000 (default-FBO accepted=907 program=15)
[mithril W 17:31:25.463 vk-diag] prepare_draw accepted user-FBO draw #55000 (default-FBO accepted=992 program=15)
[mithril W 17:31:25.797 vk-diag] prepare_draw accepted default-FBO draw #1000 (user-FBO accepted=55466 program=1)
[mithril W 17:31:28.493 vk-diag] prepare_draw accepted user-FBO draw #60000 (default-FBO accepted=1076 program=14)
[mithril W 17:31:31.086 vk-diag] prepare_draw accepted user-FBO draw #65000 (default-FBO accepted=1161 program=59)
[mithril W 17:31:34.027 vk-diag] prepare_draw accepted user-FBO draw #70000 (default-FBO accepted=1246 program=15)
[mithril W 17:31:36.492 vk-diag] prepare_draw accepted user-FBO draw #75000 (default-FBO accepted=1331 program=15)
[mithril W 17:31:39.408 vk-diag] prepare_draw accepted user-FBO draw #80000 (default-FBO accepted=1415 program=14)
[mithril W 17:31:41.838 vk-diag] prepare_draw accepted user-FBO draw #85000 (default-FBO accepted=1500 program=59)
[mithril W 17:31:44.122 vk-diag] prepare_draw accepted user-FBO draw #90000 (default-FBO accepted=1585 program=15)
[mithril W 17:31:46.479 vk-diag] prepare_draw accepted user-FBO draw #95000 (default-FBO accepted=1670 program=15)
[mithril W 17:31:49.127 vk-diag] prepare_draw accepted user-FBO draw #100000 (default-FBO accepted=1754 program=14)
[mithril W 17:31:51.327 vk-diag] prepare_draw accepted user-FBO draw #105000 (default-FBO accepted=1839 program=59)
[mithril W 17:31:53.407 vk-diag] prepare_draw accepted user-FBO draw #110000 (default-FBO accepted=1924 program=15)
[mithril W 17:31:55.357 vk-diag] prepare_draw accepted default-FBO draw #2000 (user-FBO accepted=114466 program=1)
[mithril W 17:31:55.573 vk-diag] prepare_draw accepted user-FBO draw #115000 (default-FBO accepted=2009 program=15)
[mithril W 17:31:56.596 vk] vkAllocateDescriptorSets failed (program 1, slot 1, gen 2049) — descriptor pool exhausted; growing a secondary pool (log 100)
[mithril W 17:31:57.985 vk-diag] prepare_draw accepted user-FBO draw #120000 (default-FBO accepted=2093 program=46)
[mithril W 17:31:59.989 vk-diag] prepare_draw accepted user-FBO draw #125000 (default-FBO accepted=2178 program=14)
[mithril W 17:32:02.551 vk-diag] prepare_draw accepted user-FBO draw #130000 (default-FBO accepted=2263 program=15)
[mithril W 17:32:05.271 vk-diag] prepare_draw accepted user-FBO draw #135000 (default-FBO accepted=2348 program=15)
[mithril W 17:32:07.390 vk-diag] prepare_draw accepted user-FBO draw #140000 (default-FBO accepted=2432 program=14)
[mithril W 17:32:09.815 vk-diag] prepare_draw accepted user-FBO draw #145000 (default-FBO accepted=2517 program=69)
[mithril W 17:32:12.571 vk-diag] prepare_draw accepted user-FBO draw #150000 (default-FBO accepted=2602 program=15)
[mithril W 17:32:15.219 vk-diag] prepare_draw accepted user-FBO draw #155000 (default-FBO accepted=2687 program=15)
[mithril W 17:32:17.735 vk-diag] prepare_draw accepted user-FBO draw #160000 (default-FBO accepted=2771 program=14)
[mithril W 17:32:20.316 vk-diag] prepare_draw accepted user-FBO draw #165000 (default-FBO accepted=2856 program=68)
[mithril W 17:32:23.109 vk-diag] prepare_draw accepted user-FBO draw #170000 (default-FBO accepted=2941 program=15)
[mithril W 17:32:24.791 vk-diag] prepare_draw accepted default-FBO draw #3000 (user-FBO accepted=173466 program=1)
[mithril W 17:32:25.454 vk-diag] prepare_draw accepted user-FBO draw #175000 (default-FBO accepted=3025 program=14)
[mithril W 17:32:27.418 vk-diag] prepare_draw accepted user-FBO draw #180000 (default-FBO accepted=3110 program=14)
[mithril W 17:32:29.859 vk-diag] prepare_draw accepted user-FBO draw #185000 (default-FBO accepted=3195 program=67)
[mithril W 17:32:32.629 vk-diag] prepare_draw accepted user-FBO draw #190000 (default-FBO accepted=3280 program=15)
[mithril W 17:32:35.109 vk-diag] prepare_draw accepted user-FBO draw #195000 (default-FBO accepted=3364 program=14)
[mithril W 17:32:37.281 vk-diag] prepare_draw accepted user-FBO draw #200000 (default-FBO accepted=3449 program=46)
[mithril W 17:32:39.660 vk-diag] prepare_draw accepted user-FBO draw #205000 (default-FBO accepted=3534 program=66)
[mithril W 17:32:41.973 vk-diag] prepare_draw accepted user-FBO draw #210000 (default-FBO accepted=3619 program=15)
[mithril W 17:32:44.861 vk-diag] prepare_draw accepted user-FBO draw #215000 (default-FBO accepted=3703 program=46)
[mithril W 17:32:45.410 vk] vkAllocateDescriptorSets failed (program 59, slot 1, gen 3727) — descriptor pool exhausted; growing a secondary pool (log 200)
[mithril W 17:32:47.071 vk-diag] prepare_draw accepted user-FBO draw #220000 (default-FBO accepted=3788 program=14)
[mithril W 17:32:49.376 vk-diag] prepare_draw accepted user-FBO draw #225000 (default-FBO accepted=3873 program=65)
[mithril W 17:32:51.938 vk-diag] prepare_draw accepted user-FBO draw #230000 (default-FBO accepted=3958 program=15)
[mithril W 17:32:53.194 vk-diag] prepare_draw accepted default-FBO draw #4000 (user-FBO accepted=232466 program=1)
[mithril W 17:32:54.426 vk-diag] prepare_draw accepted user-FBO draw #235000 (default-FBO accepted=4042 program=14)
[mithril W 17:32:55.352 vk-diag] read_pixels: lifetimeRecordedDraws=240486 readFbo=0 srcImage=0x1273f3a10 layout=2
[mithril W 17:32:57.255 vk-diag] prepare_draw accepted user-FBO draw #240000 (default-FBO accepted=4127 program=14)
[mithril-e2e] captured: /Users/runner/work/Mithril-Wrapper/Mithril-Wrapper/build/minecraft-e2e-artifacts/render/prepresent-frame-0001.meta
[mithril-e2e] stopping game (gradle pid 4665)
