-- The CXX compiler identification is AppleClang 17.0.0.17000013
-- Detecting CXX compiler ABI info
-- Detecting CXX compiler ABI info - done
-- Check for working CXX compiler: /usr/bin/c++ - skipped
-- Detecting CXX compile features
-- Detecting CXX compile features - done
-- Mithril build commit id: 47d6ce86da8bedc715a9e732937e5f0eecf8da28
-- The OBJCXX compiler identification is AppleClang 17.0.0.17000013
-- Detecting OBJCXX compiler ABI info
-- Detecting OBJCXX compiler ABI info - done
-- Check for working OBJCXX compiler: /usr/bin/c++ - skipped
-- MoltenVK headers: /opt/homebrew/include
-- MoltenVK library: /opt/homebrew/lib/libMoltenVK.dylib
-- The C compiler identification is AppleClang 17.0.0.17000013
-- Detecting C compiler ABI info
-- Detecting C compiler ABI info - done
-- Check for working C compiler: /usr/bin/cc - skipped
-- Detecting C compile features
-- Detecting C compile features - done
-- Performing Test CMAKE_HAVE_LIBC_PTHREAD
-- Performing Test CMAKE_HAVE_LIBC_PTHREAD - Success
-- Found Threads: TRUE
-- SPIRV-Cross: Finding Git version for SPIRV-Cross.
-- Found Git: /opt/homebrew/bin/git (found version "2.55.0")
-- SPIRV-Cross: Git hash: 6c09849
-- Configuring done (8.4s)
-- Generating done (0.0s)
-- Build files have been written to: /Users/runner/work/Mithril-Wrapper/Mithril-Wrapper/build-minecraft-e2e-native
[1/88] Building CXX object Mithril-Wrapper-cpp/3rdparty/glslang/SPIRV/CMakeFiles/SPIRV.dir/__/glslang/stub.cpp.o
[2/88] Building CXX object Mithril-Wrapper-cpp/3rdparty/glslang/glslang/CMakeFiles/glslang-default-resource-limits.dir/ResourceLimits/resource_limits_c.cpp.o
[3/88] Building CXX object Mithril-Wrapper-cpp/3rdparty/glslang/glslang/CMakeFiles/glslang-default-resource-limits.dir/ResourceLimits/ResourceLimits.cpp.o
[4/88] Building CXX object Mithril-Wrapper-cpp/3rdparty/glslang/glslang/CMakeFiles/glslang.dir/cmake_pch.hxx.pch
[5/88] Building CXX object Mithril-Wrapper-cpp/3rdparty/SPIRV-Cross/CMakeFiles/spirv-cross-core.dir/spirv_cfg.cpp.o
[6/88] Building CXX object Mithril-Wrapper-cpp/3rdparty/glslang/glslang/CMakeFiles/glslang.dir/CInterface/glslang_c_interface.cpp.o
[7/88] Building CXX object Mithril-Wrapper-cpp/3rdparty/SPIRV-Cross/CMakeFiles/spirv-cross-core.dir/spirv_cross_parsed_ir.cpp.o
[8/88] Building CXX object Mithril-Wrapper-cpp/3rdparty/SPIRV-Cross/CMakeFiles/spirv-cross-core.dir/spirv_parser.cpp.o
[9/88] Building CXX object Mithril-Wrapper-cpp/3rdparty/glslang/glslang/CMakeFiles/glslang.dir/GenericCodeGen/CodeGen.cpp.o
[10/88] Building CXX object Mithril-Wrapper-cpp/3rdparty/glslang/glslang/CMakeFiles/glslang.dir/GenericCodeGen/Link.cpp.o
[11/88] Building CXX object Mithril-Wrapper-cpp/3rdparty/glslang/glslang/CMakeFiles/glslang.dir/OSDependent/Unix/ossource.cpp.o
[12/88] Building CXX object Mithril-Wrapper-cpp/3rdparty/glslang/glslang/CMakeFiles/glslang.dir/MachineIndependent/attribute.cpp.o
[13/88] Building CXX object Mithril-Wrapper-cpp/3rdparty/glslang/glslang/CMakeFiles/glslang.dir/MachineIndependent/InfoSink.cpp.o
[14/88] Building CXX object Mithril-Wrapper-cpp/3rdparty/glslang/glslang/CMakeFiles/glslang.dir/MachineIndependent/Constant.cpp.o
[15/88] Building CXX object Mithril-Wrapper-cpp/3rdparty/SPIRV-Cross/CMakeFiles/spirv-cross-core.dir/spirv_cross.cpp.o
[16/88] Building CXX object Mithril-Wrapper-cpp/3rdparty/glslang/glslang/CMakeFiles/glslang.dir/MachineIndependent/glslang_tab.cpp.o
[17/88] Building CXX object Mithril-Wrapper-cpp/3rdparty/glslang/glslang/CMakeFiles/glslang.dir/MachineIndependent/IntermTraverse.cpp.o
[18/88] Building CXX object Mithril-Wrapper-cpp/3rdparty/glslang/glslang/CMakeFiles/glslang.dir/MachineIndependent/ParseContextBase.cpp.o
[19/88] Building CXX object Mithril-Wrapper-cpp/3rdparty/glslang/glslang/CMakeFiles/glslang.dir/MachineIndependent/iomapper.cpp.o
[20/88] Building CXX object Mithril-Wrapper-cpp/3rdparty/glslang/glslang/CMakeFiles/glslang.dir/MachineIndependent/Intermediate.cpp.o
[21/88] Building CXX object Mithril-Wrapper-cpp/3rdparty/glslang/glslang/CMakeFiles/glslang.dir/MachineIndependent/PoolAlloc.cpp.o
[22/88] Building CXX object Mithril-Wrapper-cpp/3rdparty/glslang/glslang/CMakeFiles/glslang.dir/MachineIndependent/RemoveTree.cpp.o
[23/88] Building CXX object Mithril-Wrapper-cpp/3rdparty/glslang/glslang/CMakeFiles/glslang.dir/MachineIndependent/Scan.cpp.o
[24/88] Building CXX object Mithril-Wrapper-cpp/3rdparty/glslang/glslang/CMakeFiles/glslang.dir/MachineIndependent/SpirvIntrinsics.cpp.o
[25/88] Building CXX object Mithril-Wrapper-cpp/3rdparty/glslang/glslang/CMakeFiles/glslang.dir/MachineIndependent/Initialize.cpp.o
[26/88] Building CXX object Mithril-Wrapper-cpp/3rdparty/glslang/glslang/CMakeFiles/glslang.dir/MachineIndependent/ShaderLang.cpp.o
[27/88] Building CXX object Mithril-Wrapper-cpp/3rdparty/glslang/glslang/CMakeFiles/glslang.dir/MachineIndependent/intermOut.cpp.o
[28/88] Building CXX object Mithril-Wrapper-cpp/3rdparty/glslang/glslang/CMakeFiles/glslang.dir/MachineIndependent/Versions.cpp.o
[29/88] Building CXX object Mithril-Wrapper-cpp/3rdparty/glslang/glslang/CMakeFiles/glslang.dir/MachineIndependent/SymbolTable.cpp.o
[30/88] Building CXX object Mithril-Wrapper-cpp/3rdparty/glslang/glslang/CMakeFiles/glslang.dir/MachineIndependent/limits.cpp.o
[31/88] Building CXX object Mithril-Wrapper-cpp/3rdparty/glslang/glslang/CMakeFiles/glslang.dir/MachineIndependent/parseConst.cpp.o
[32/88] Building CXX object Mithril-Wrapper-cpp/3rdparty/glslang/glslang/CMakeFiles/glslang.dir/MachineIndependent/ParseHelper.cpp.o
[33/88] Building CXX object Mithril-Wrapper-cpp/3rdparty/glslang/glslang/CMakeFiles/glslang.dir/MachineIndependent/preprocessor/PpAtom.cpp.o
[34/88] Building CXX object Mithril-Wrapper-cpp/3rdparty/glslang/glslang/CMakeFiles/glslang.dir/MachineIndependent/preprocessor/PpContext.cpp.o
[35/88] Building CXX object Mithril-Wrapper-cpp/3rdparty/glslang/glslang/CMakeFiles/glslang.dir/MachineIndependent/reflection.cpp.o
[36/88] Building CXX object Mithril-Wrapper-cpp/3rdparty/glslang/glslang/CMakeFiles/glslang.dir/MachineIndependent/preprocessor/Pp.cpp.o
[37/88] Building CXX object Mithril-Wrapper-cpp/3rdparty/glslang/glslang/CMakeFiles/glslang.dir/MachineIndependent/linkValidate.cpp.o
[38/88] Building CXX object Mithril-Wrapper-cpp/3rdparty/glslang/glslang/CMakeFiles/glslang.dir/MachineIndependent/preprocessor/PpTokens.cpp.o
[39/88] Building CXX object Mithril-Wrapper-cpp/3rdparty/glslang/glslang/CMakeFiles/glslang.dir/MachineIndependent/preprocessor/PpScanner.cpp.o
[40/88] Building CXX object Mithril-Wrapper-cpp/3rdparty/glslang/glslang/CMakeFiles/glslang.dir/MachineIndependent/propagateNoContraction.cpp.o
[41/88] Building CXX object Mithril-Wrapper-cpp/3rdparty/glslang/glslang/CMakeFiles/glslang.dir/__/SPIRV/Logger.cpp.o
[42/88] Building CXX object Mithril-Wrapper-cpp/3rdparty/glslang/glslang/CMakeFiles/glslang.dir/__/SPIRV/InReadableOrder.cpp.o
[43/88] Building CXX object Mithril-Wrapper-cpp/3rdparty/glslang/glslang/CMakeFiles/glslang.dir/__/SPIRV/SpvTools.cpp.o
[44/88] Building CXX object Mithril-Wrapper-cpp/3rdparty/glslang/glslang/CMakeFiles/glslang.dir/__/SPIRV/doc.cpp.o
[45/88] Building CXX object Mithril-Wrapper-cpp/3rdparty/glslang/glslang/CMakeFiles/glslang.dir/__/SPIRV/SpvPostProcess.cpp.o
[46/88] Building CXX object Mithril-Wrapper-cpp/3rdparty/glslang/glslang/CMakeFiles/glslang.dir/__/SPIRV/CInterface/spirv_c_interface.cpp.o
[47/88] Building CXX object Mithril-Wrapper-cpp/3rdparty/glslang/glslang/CMakeFiles/glslang.dir/__/SPIRV/disassemble.cpp.o
[48/88] Building CXX object CMakeFiles/mithril.dir/Mithril-Wrapper-cpp/MG_Impl/Log.cpp.o
/Users/runner/work/Mithril-Wrapper/Mithril-Wrapper/Mithril-Wrapper-cpp/MG_Impl/Log.cpp:119:9: warning: address of function 'backtrace' will always evaluate to 'true' [-Wpointer-bool-conversion]
  119 |     if (backtrace) n = backtrace(frames, kMaxFrames);
      |     ~~  ^~~~~~~~~
/Users/runner/work/Mithril-Wrapper/Mithril-Wrapper/Mithril-Wrapper-cpp/MG_Impl/Log.cpp:119:9: note: prefix with the address-of operator to silence this warning
  119 |     if (backtrace) n = backtrace(frames, kMaxFrames);
      |         ^
      |         &
1 warning generated.
[49/88] Building CXX object CMakeFiles/mithril.dir/Mithril-Wrapper-cpp/MG_Impl/init.cpp.o
[50/88] Building CXX object CMakeFiles/mithril.dir/Mithril-Wrapper-cpp/MG_Impl/gl.cpp.o
[51/88] Building CXX object CMakeFiles/mithril.dir/Mithril-Wrapper-cpp/MG_Impl/Getter.cpp.o
[52/88] Building CXX object Mithril-Wrapper-cpp/3rdparty/glslang/glslang/CMakeFiles/glslang.dir/__/SPIRV/SpvBuilder.cpp.o
[53/88] Building CXX object CMakeFiles/mithril.dir/Mithril-Wrapper-cpp/MG_Impl/Buffer.cpp.o
[54/88] Building CXX object CMakeFiles/mithril.dir/Mithril-Wrapper-cpp/MG_Impl/VertexArray.cpp.o
[55/88] Building CXX object Mithril-Wrapper-cpp/3rdparty/glslang/glslang/CMakeFiles/glslang.dir/__/SPIRV/GlslangToSpv.cpp.o
[56/88] Building CXX object CMakeFiles/mithril.dir/Mithril-Wrapper-cpp/MG_Impl/Program.cpp.o
[57/88] Building CXX object CMakeFiles/mithril.dir/Mithril-Wrapper-cpp/MG_Impl/Texture.cpp.o
[58/88] Building CXX object CMakeFiles/mithril.dir/Mithril-Wrapper-cpp/MG_Impl/Framebuffer.cpp.o
[59/88] Building CXX object CMakeFiles/mithril.dir/Mithril-Wrapper-cpp/MG_Impl/Drawing.cpp.o
[60/88] Building CXX object CMakeFiles/mithril.dir/Mithril-Wrapper-cpp/MG_Impl/Stubs.cpp.o
[61/88] Building CXX object CMakeFiles/mithril.dir/Mithril-Wrapper-cpp/MG_Impl/Shader.cpp.o
[62/88] Building CXX object CMakeFiles/mithril.dir/Mithril-Wrapper-cpp/MG_Impl/GL46_Compat.cpp.o
[63/88] Building CXX object CMakeFiles/mithril.dir/Mithril-Wrapper-cpp/MG_Impl/Debug.cpp.o
[64/88] Building CXX object CMakeFiles/mithril.dir/Mithril-Wrapper-cpp/MG_State/Caps.cpp.o
[65/88] Building CXX object CMakeFiles/mithril.dir/Mithril-Wrapper-cpp/MG_Backend/DirectVulkan/FormatMap.cpp.o
[66/88] Building CXX object CMakeFiles/mithril.dir/Mithril-Wrapper-cpp/MG_Impl/lookup.cpp.o
[67/88] Building CXX object CMakeFiles/mithril.dir/Mithril-Wrapper-cpp/MG_Backend/DirectVulkan/Std140.cpp.o
[68/88] Building CXX object CMakeFiles/mithril.dir/Mithril-Wrapper-cpp/MG_Backend/DirectVulkan/UniformArena.cpp.o
[69/88] Building CXX object CMakeFiles/mithril.dir/Mithril-Wrapper-cpp/MG_Backend/DirectVulkan/Device.cpp.o
/Users/runner/work/Mithril-Wrapper/Mithril-Wrapper/Mithril-Wrapper-cpp/MG_Backend/DirectVulkan/Device.cpp:560:6: warning: unused function 'has_layer' [-Wunused-function]
  560 | bool has_layer(const std::vector<VkLayerProperties>& props, const char* name) {
      |      ^~~~~~~~~
1 warning generated.
[70/88] Building CXX object CMakeFiles/mithril.dir/Mithril-Wrapper-cpp/MG_State/State.cpp.o
[71/88] Building CXX object CMakeFiles/mithril.dir/Mithril-Wrapper-cpp/MG_Backend/DirectVulkan/Resources.cpp.o
/Users/runner/work/Mithril-Wrapper/Mithril-Wrapper/Mithril-Wrapper-cpp/MG_Backend/DirectVulkan/Resources.cpp:154:60: warning: missing field 'pNext' initializer [-Wmissing-field-initializers]
  154 |     VkMemoryBarrier before{VK_STRUCTURE_TYPE_MEMORY_BARRIER};
      |                                                            ^
/Users/runner/work/Mithril-Wrapper/Mithril-Wrapper/Mithril-Wrapper-cpp/MG_Backend/DirectVulkan/Resources.cpp:167:59: warning: missing field 'pNext' initializer [-Wmissing-field-initializers]
  167 |     VkMemoryBarrier after{VK_STRUCTURE_TYPE_MEMORY_BARRIER};
      |                                                           ^
/Users/runner/work/Mithril-Wrapper/Mithril-Wrapper/Mithril-Wrapper-cpp/MG_Backend/DirectVulkan/Resources.cpp:1550:69: warning: missing field 'pNext' initializer [-Wmissing-field-initializers]
 1550 |         VkBufferCreateInfo bi{ VK_STRUCTURE_TYPE_BUFFER_CREATE_INFO };
      |                                                                     ^
/Users/runner/work/Mithril-Wrapper/Mithril-Wrapper/Mithril-Wrapper-cpp/MG_Backend/DirectVulkan/Resources.cpp:1554:74: warning: missing field 'pNext' initializer [-Wmissing-field-initializers]
 1554 |         VkMemoryAllocateInfo mai{ VK_STRUCTURE_TYPE_MEMORY_ALLOCATE_INFO };
      |                                                                          ^
4 warnings generated.
[72/88] Building CXX object CMakeFiles/mithril.dir/Mithril-Wrapper-cpp/MG_Backend/DirectVulkan/CommandStream.cpp.o
[73/88] Building CXX object CMakeFiles/mithril.dir/Mithril-Wrapper-cpp/MG_Backend/DirectVulkan/DescriptorSet.cpp.o
[74/88] Building CXX object CMakeFiles/mithril.dir/Mithril-Wrapper-cpp/MG_Impl/EGLConfig.cpp.o
[75/88] Building CXX object CMakeFiles/mithril.dir/Mithril-Wrapper-cpp/MG_Backend/DirectVulkan/Pipeline.cpp.o
[76/88] Building CXX object CMakeFiles/mithril.dir/Mithril-Wrapper-cpp/MG_Backend/DirectVulkan/ImageOps.cpp.o
/Users/runner/work/Mithril-Wrapper/Mithril-Wrapper/Mithril-Wrapper-cpp/MG_Backend/DirectVulkan/ImageOps.cpp:1498:76: warning: missing field 'pNext' initializer [-Wmissing-field-initializers]
 1498 |     VkShaderModuleCreateInfo vm{VK_STRUCTURE_TYPE_SHADER_MODULE_CREATE_INFO};
      |                                                                            ^
/Users/runner/work/Mithril-Wrapper/Mithril-Wrapper/Mithril-Wrapper-cpp/MG_Backend/DirectVulkan/ImageOps.cpp:1509:91: warning: missing field 'pNext' initializer [-Wmissing-field-initializers]
 1509 |     VkDescriptorSetLayoutCreateInfo sl{VK_STRUCTURE_TYPE_DESCRIPTOR_SET_LAYOUT_CREATE_INFO};
      |                                                                                           ^
/Users/runner/work/Mithril-Wrapper/Mithril-Wrapper/Mithril-Wrapper-cpp/MG_Backend/DirectVulkan/ImageOps.cpp:1512:80: warning: missing field 'pNext' initializer [-Wmissing-field-initializers]
 1512 |     VkPipelineLayoutCreateInfo pl{VK_STRUCTURE_TYPE_PIPELINE_LAYOUT_CREATE_INFO};
      |                                                                                ^
/Users/runner/work/Mithril-Wrapper/Mithril-Wrapper/Mithril-Wrapper-cpp/MG_Backend/DirectVulkan/ImageOps.cpp:1517:68: warning: missing field 'pNext' initializer [-Wmissing-field-initializers]
 1517 |         VkSamplerCreateInfo s{VK_STRUCTURE_TYPE_SAMPLER_CREATE_INFO};
      |                                                                    ^
/Users/runner/work/Mithril-Wrapper/Mithril-Wrapper/Mithril-Wrapper-cpp/MG_Backend/DirectVulkan/ImageOps.cpp:1528:80: warning: missing field 'pNext' initializer [-Wmissing-field-initializers]
 1528 |     VkDescriptorPoolCreateInfo pc{VK_STRUCTURE_TYPE_DESCRIPTOR_POOL_CREATE_INFO};
      |                                                                                ^
/Users/runner/work/Mithril-Wrapper/Mithril-Wrapper/Mithril-Wrapper-cpp/MG_Backend/DirectVulkan/ImageOps.cpp:1533:64: warning: missing field 'pNext' initializer [-Wmissing-field-initializers]
 1533 |     VkBufferCreateInfo bci{VK_STRUCTURE_TYPE_BUFFER_CREATE_INFO};
      |                                                                ^
/Users/runner/work/Mithril-Wrapper/Mithril-Wrapper/Mithril-Wrapper-cpp/MG_Backend/DirectVulkan/ImageOps.cpp:1546:68: warning: missing field 'pNext' initializer [-Wmissing-field-initializers]
 1546 |     VkMemoryAllocateInfo mal{VK_STRUCTURE_TYPE_MEMORY_ALLOCATE_INFO};
      |                                                                    ^
/Users/runner/work/Mithril-Wrapper/Mithril-Wrapper/Mithril-Wrapper-cpp/MG_Backend/DirectVulkan/ImageOps.cpp:1578:72: warning: missing field 'pNext' initializer [-Wmissing-field-initializers]
 1578 |     VkRenderPassCreateInfo rp{VK_STRUCTURE_TYPE_RENDER_PASS_CREATE_INFO};
      |                                                                        ^
/Users/runner/work/Mithril-Wrapper/Mithril-Wrapper/Mithril-Wrapper-cpp/MG_Backend/DirectVulkan/ImageOps.cpp:1601:102: warning: missing field 'pNext' initializer [-Wmissing-field-initializers]
 1601 |     VkPipelineVertexInputStateCreateInfo vi{VK_STRUCTURE_TYPE_PIPELINE_VERTEX_INPUT_STATE_CREATE_INFO};
      |                                                                                                      ^
/Users/runner/work/Mithril-Wrapper/Mithril-Wrapper/Mithril-Wrapper-cpp/MG_Backend/DirectVulkan/ImageOps.cpp:1604:106: warning: missing field 'pNext' initializer [-Wmissing-field-initializers]
 1604 |     VkPipelineInputAssemblyStateCreateInfo ia{VK_STRUCTURE_TYPE_PIPELINE_INPUT_ASSEMBLY_STATE_CREATE_INFO};
      |                                                                                                          ^
/Users/runner/work/Mithril-Wrapper/Mithril-Wrapper/Mithril-Wrapper-cpp/MG_Backend/DirectVulkan/ImageOps.cpp:1606:95: warning: missing field 'pNext' initializer [-Wmissing-field-initializers]
 1606 |     VkPipelineViewportStateCreateInfo vp{VK_STRUCTURE_TYPE_PIPELINE_VIEWPORT_STATE_CREATE_INFO};
      |                                                                                               ^
/Users/runner/work/Mithril-Wrapper/Mithril-Wrapper/Mithril-Wrapper-cpp/MG_Backend/DirectVulkan/ImageOps.cpp:1608:105: warning: missing field 'pNext' initializer [-Wmissing-field-initializers]
 1608 |     VkPipelineRasterizationStateCreateInfo rs{VK_STRUCTURE_TYPE_PIPELINE_RASTERIZATION_STATE_CREATE_INFO};
      |                                                                                                         ^
/Users/runner/work/Mithril-Wrapper/Mithril-Wrapper/Mithril-Wrapper-cpp/MG_Backend/DirectVulkan/ImageOps.cpp:1611:101: warning: missing field 'pNext' initializer [-Wmissing-field-initializers]
 1611 |     VkPipelineMultisampleStateCreateInfo ms{VK_STRUCTURE_TYPE_PIPELINE_MULTISAMPLE_STATE_CREATE_INFO};
      |                                                                                                     ^
/Users/runner/work/Mithril-Wrapper/Mithril-Wrapper/Mithril-Wrapper-cpp/MG_Backend/DirectVulkan/ImageOps.cpp:1617:100: warning: missing field 'pNext' initializer [-Wmissing-field-initializers]
 1617 |     VkPipelineColorBlendStateCreateInfo bl{VK_STRUCTURE_TYPE_PIPELINE_COLOR_BLEND_STATE_CREATE_INFO};
      |                                                                                                    ^
/Users/runner/work/Mithril-Wrapper/Mithril-Wrapper/Mithril-Wrapper-cpp/MG_Backend/DirectVulkan/ImageOps.cpp:1620:93: warning: missing field 'pNext' initializer [-Wmissing-field-initializers]
 1620 |     VkPipelineDynamicStateCreateInfo ds{VK_STRUCTURE_TYPE_PIPELINE_DYNAMIC_STATE_CREATE_INFO};
      |                                                                                             ^
/Users/runner/work/Mithril-Wrapper/Mithril-Wrapper/Mithril-Wrapper-cpp/MG_Backend/DirectVulkan/ImageOps.cpp:1622:84: warning: missing field 'pNext' initializer [-Wmissing-field-initializers]
 1622 |     VkGraphicsPipelineCreateInfo gp{VK_STRUCTURE_TYPE_GRAPHICS_PIPELINE_CREATE_INFO};
      |                                                                                    ^
/Users/runner/work/Mithril-Wrapper/Mithril-Wrapper/Mithril-Wrapper-cpp/MG_Backend/DirectVulkan/ImageOps.cpp:1680:74: warning: missing field 'pNext' initializer [-Wmissing-field-initializers]
 1680 |         VkImageViewCreateInfo vc{VK_STRUCTURE_TYPE_IMAGE_VIEW_CREATE_INFO};
      |                                                                          ^
/Users/runner/work/Mithril-Wrapper/Mithril-Wrapper/Mithril-Wrapper-cpp/MG_Backend/DirectVulkan/ImageOps.cpp:1722:67: warning: missing field 'pNext' initializer [-Wmissing-field-initializers]
 1722 |     VkImageMemoryBarrier sb{VK_STRUCTURE_TYPE_IMAGE_MEMORY_BARRIER};
      |                                                                   ^
/Users/runner/work/Mithril-Wrapper/Mithril-Wrapper/Mithril-Wrapper-cpp/MG_Backend/DirectVulkan/ImageOps.cpp:1733:67: warning: missing field 'pNext' initializer [-Wmissing-field-initializers]
 1733 |     VkImageMemoryBarrier db{VK_STRUCTURE_TYPE_IMAGE_MEMORY_BARRIER};
      |                                                                   ^
/Users/runner/work/Mithril-Wrapper/Mithril-Wrapper/Mithril-Wrapper-cpp/MG_Backend/DirectVulkan/ImageOps.cpp:1764:86: warning: missing field 'pNext' initializer [-Wmissing-field-initializers]
 1764 |         VkDescriptorSetAllocateInfo ai{VK_STRUCTURE_TYPE_DESCRIPTOR_SET_ALLOCATE_INFO};
      |                                                                                      ^
/Users/runner/work/Mithril-Wrapper/Mithril-Wrapper/Mithril-Wrapper-cpp/MG_Backend/DirectVulkan/ImageOps.cpp:1778:66: warning: missing field 'pNext' initializer [-Wmissing-field-initializers]
 1778 |     VkWriteDescriptorSet w{VK_STRUCTURE_TYPE_WRITE_DESCRIPTOR_SET};
      |                                                                  ^
/Users/runner/work/Mithril-Wrapper/Mithril-Wrapper/Mithril-Wrapper-cpp/MG_Backend/DirectVulkan/ImageOps.cpp:1789:77: warning: missing field 'pNext' initializer [-Wmissing-field-initializers]
 1789 |         VkFramebufferCreateInfo fc{VK_STRUCTURE_TYPE_FRAMEBUFFER_CREATE_INFO};
      |                                                                             ^
/Users/runner/work/Mithril-Wrapper/Mithril-Wrapper/Mithril-Wrapper-cpp/MG_Backend/DirectVulkan/ImageOps.cpp:1803:71: warning: missing field 'pNext' initializer [-Wmissing-field-initializers]
 1803 |     VkRenderPassBeginInfo rpb{VK_STRUCTURE_TYPE_RENDER_PASS_BEGIN_INFO};
      |                                                                       ^
/Users/runner/work/Mithril-Wrapper/Mithril-Wrapper/Mithril-Wrapper-cpp/MG_Backend/DirectVulkan/ImageOps.cpp:1859:102: warning: missing field 'pNext' initializer [-Wmissing-field-initializers]
 1859 |     VkPipelineVertexInputStateCreateInfo vi{VK_STRUCTURE_TYPE_PIPELINE_VERTEX_INPUT_STATE_CREATE_INFO};
      |                                                                                                      ^
/Users/runner/work/Mithril-Wrapper/Mithril-Wrapper/Mithril-Wrapper-cpp/MG_Backend/DirectVulkan/ImageOps.cpp:1863:106: warning: missing field 'pNext' initializer [-Wmissing-field-initializers]
 1863 |     VkPipelineInputAssemblyStateCreateInfo ia{VK_STRUCTURE_TYPE_PIPELINE_INPUT_ASSEMBLY_STATE_CREATE_INFO};
      |                                                                                                          ^
/Users/runner/work/Mithril-Wrapper/Mithril-Wrapper/Mithril-Wrapper-cpp/MG_Backend/DirectVulkan/ImageOps.cpp:1865:95: warning: missing field 'pNext' initializer [-Wmissing-field-initializers]
 1865 |     VkPipelineViewportStateCreateInfo vp{VK_STRUCTURE_TYPE_PIPELINE_VIEWPORT_STATE_CREATE_INFO};
      |                                                                                               ^
/Users/runner/work/Mithril-Wrapper/Mithril-Wrapper/Mithril-Wrapper-cpp/MG_Backend/DirectVulkan/ImageOps.cpp:1867:105: warning: missing field 'pNext' initializer [-Wmissing-field-initializers]
 1867 |     VkPipelineRasterizationStateCreateInfo rs{VK_STRUCTURE_TYPE_PIPELINE_RASTERIZATION_STATE_CREATE_INFO};
      |                                                                                                         ^
/Users/runner/work/Mithril-Wrapper/Mithril-Wrapper/Mithril-Wrapper-cpp/MG_Backend/DirectVulkan/ImageOps.cpp:1870:101: warning: missing field 'pNext' initializer [-Wmissing-field-initializers]
 1870 |     VkPipelineMultisampleStateCreateInfo ms{VK_STRUCTURE_TYPE_PIPELINE_MULTISAMPLE_STATE_CREATE_INFO};
      |                                                                                                     ^
/Users/runner/work/Mithril-Wrapper/Mithril-Wrapper/Mithril-Wrapper-cpp/MG_Backend/DirectVulkan/ImageOps.cpp:1872:104: warning: missing field 'pNext' initializer [-Wmissing-field-initializers]
 1872 |     VkPipelineDepthStencilStateCreateInfo ds{VK_STRUCTURE_TYPE_PIPELINE_DEPTH_STENCIL_STATE_CREATE_INFO};
      |                                                                                                        ^
/Users/runner/work/Mithril-Wrapper/Mithril-Wrapper/Mithril-Wrapper-cpp/MG_Backend/DirectVulkan/ImageOps.cpp:1876:100: warning: missing field 'pNext' initializer [-Wmissing-field-initializers]
 1876 |     VkPipelineColorBlendStateCreateInfo cb{VK_STRUCTURE_TYPE_PIPELINE_COLOR_BLEND_STATE_CREATE_INFO};
      |                                                                                                    ^
/Users/runner/work/Mithril-Wrapper/Mithril-Wrapper/Mithril-Wrapper-cpp/MG_Backend/DirectVulkan/ImageOps.cpp:1879:94: warning: missing field 'pNext' initializer [-Wmissing-field-initializers]
 1879 |     VkPipelineDynamicStateCreateInfo dyn{VK_STRUCTURE_TYPE_PIPELINE_DYNAMIC_STATE_CREATE_INFO};
      |                                                                                              ^
/Users/runner/work/Mithril-Wrapper/Mithril-Wrapper/Mithril-Wrapper-cpp/MG_Backend/DirectVulkan/ImageOps.cpp:1888:87: warning: missing field 'pNext' initializer [-Wmissing-field-initializers]
 1888 |     VkPipelineRenderingCreateInfo rci{VK_STRUCTURE_TYPE_PIPELINE_RENDERING_CREATE_INFO};
      |                                                                                       ^
/Users/runner/work/Mithril-Wrapper/Mithril-Wrapper/Mithril-Wrapper-cpp/MG_Backend/DirectVulkan/ImageOps.cpp:1890:84: warning: missing field 'pNext' initializer [-Wmissing-field-initializers]
 1890 |     VkGraphicsPipelineCreateInfo gi{VK_STRUCTURE_TYPE_GRAPHICS_PIPELINE_CREATE_INFO};
      |                                                                                    ^
/Users/runner/work/Mithril-Wrapper/Mithril-Wrapper/Mithril-Wrapper-cpp/MG_Backend/DirectVulkan/ImageOps.cpp:1940:74: warning: missing field 'pNext' initializer [-Wmissing-field-initializers]
 1940 |         VkImageViewCreateInfo vc{VK_STRUCTURE_TYPE_IMAGE_VIEW_CREATE_INFO};
      |                                                                          ^
/Users/runner/work/Mithril-Wrapper/Mithril-Wrapper/Mithril-Wrapper-cpp/MG_Backend/DirectVulkan/ImageOps.cpp:1960:71: warning: missing field 'pNext' initializer [-Wmissing-field-initializers]
 1960 |         VkImageMemoryBarrier mb{VK_STRUCTURE_TYPE_IMAGE_MEMORY_BARRIER};
      |                                                                       ^
/Users/runner/work/Mithril-Wrapper/Mithril-Wrapper/Mithril-Wrapper-cpp/MG_Backend/DirectVulkan/ImageOps.cpp:1988:82: warning: missing field 'pNext' initializer [-Wmissing-field-initializers]
 1988 |     VkDescriptorSetAllocateInfo ai{VK_STRUCTURE_TYPE_DESCRIPTOR_SET_ALLOCATE_INFO};
      |                                                                                  ^
/Users/runner/work/Mithril-Wrapper/Mithril-Wrapper/Mithril-Wrapper-cpp/MG_Backend/DirectVulkan/ImageOps.cpp:2000:66: warning: missing field 'pNext' initializer [-Wmissing-field-initializers]
 2000 |     VkWriteDescriptorSet w{VK_STRUCTURE_TYPE_WRITE_DESCRIPTOR_SET};
      |                                                                  ^
/Users/runner/work/Mithril-Wrapper/Mithril-Wrapper/Mithril-Wrapper-cpp/MG_Backend/DirectVulkan/ImageOps.cpp:2054:76: warning: missing field 'pNext' initializer [-Wmissing-field-initializers]
 2054 |     VkShaderModuleCreateInfo vm{VK_STRUCTURE_TYPE_SHADER_MODULE_CREATE_INFO};
      |                                                                            ^
/Users/runner/work/Mithril-Wrapper/Mithril-Wrapper/Mithril-Wrapper-cpp/MG_Backend/DirectVulkan/ImageOps.cpp:2088:80: warning: missing field 'pNext' initializer [-Wmissing-field-initializers]
 2088 |         VkShaderModuleCreateInfo vm{VK_STRUCTURE_TYPE_SHADER_MODULE_CREATE_INFO};
      |                                                                                ^
/Users/runner/work/Mithril-Wrapper/Mithril-Wrapper/Mithril-Wrapper-cpp/MG_Backend/DirectVulkan/ImageOps.cpp:2093:84: warning: missing field 'pNext' initializer [-Wmissing-field-initializers]
 2093 |         VkPipelineLayoutCreateInfo pl{VK_STRUCTURE_TYPE_PIPELINE_LAYOUT_CREATE_INFO};
      |                                                                                    ^
/Users/runner/work/Mithril-Wrapper/Mithril-Wrapper/Mithril-Wrapper-cpp/MG_Backend/DirectVulkan/ImageOps.cpp:2095:106: warning: missing field 'pNext' initializer [-Wmissing-field-initializers]
 2095 |         VkPipelineVertexInputStateCreateInfo vi{VK_STRUCTURE_TYPE_PIPELINE_VERTEX_INPUT_STATE_CREATE_INFO};
      |                                                                                                          ^
/Users/runner/work/Mithril-Wrapper/Mithril-Wrapper/Mithril-Wrapper-cpp/MG_Backend/DirectVulkan/ImageOps.cpp:2096:110: warning: missing field 'pNext' initializer [-Wmissing-field-initializers]
 2096 |         VkPipelineInputAssemblyStateCreateInfo ia{VK_STRUCTURE_TYPE_PIPELINE_INPUT_ASSEMBLY_STATE_CREATE_INFO};
      |                                                                                                              ^
/Users/runner/work/Mithril-Wrapper/Mithril-Wrapper/Mithril-Wrapper-cpp/MG_Backend/DirectVulkan/ImageOps.cpp:2098:99: warning: missing field 'pNext' initializer [-Wmissing-field-initializers]
 2098 |         VkPipelineViewportStateCreateInfo vp{VK_STRUCTURE_TYPE_PIPELINE_VIEWPORT_STATE_CREATE_INFO};
      |                                                                                                   ^
/Users/runner/work/Mithril-Wrapper/Mithril-Wrapper/Mithril-Wrapper-cpp/MG_Backend/DirectVulkan/ImageOps.cpp:2100:109: warning: missing field 'pNext' initializer [-Wmissing-field-initializers]
 2100 |         VkPipelineRasterizationStateCreateInfo rs{VK_STRUCTURE_TYPE_PIPELINE_RASTERIZATION_STATE_CREATE_INFO};
      |                                                                                                             ^
/Users/runner/work/Mithril-Wrapper/Mithril-Wrapper/Mithril-Wrapper-cpp/MG_Backend/DirectVulkan/ImageOps.cpp:2103:105: warning: missing field 'pNext' initializer [-Wmissing-field-initializers]
 2103 |         VkPipelineMultisampleStateCreateInfo ms{VK_STRUCTURE_TYPE_PIPELINE_MULTISAMPLE_STATE_CREATE_INFO};
      |                                                                                                         ^
/Users/runner/work/Mithril-Wrapper/Mithril-Wrapper/Mithril-Wrapper-cpp/MG_Backend/DirectVulkan/ImageOps.cpp:2105:104: warning: missing field 'pNext' initializer [-Wmissing-field-initializers]
 2105 |         VkPipelineColorBlendStateCreateInfo cb{VK_STRUCTURE_TYPE_PIPELINE_COLOR_BLEND_STATE_CREATE_INFO};
      |                                                                                                        ^
/Users/runner/work/Mithril-Wrapper/Mithril-Wrapper/Mithril-Wrapper-cpp/MG_Backend/DirectVulkan/ImageOps.cpp:2109:98: warning: missing field 'pNext' initializer [-Wmissing-field-initializers]
 2109 |         VkPipelineDynamicStateCreateInfo dyn{VK_STRUCTURE_TYPE_PIPELINE_DYNAMIC_STATE_CREATE_INFO};
      |                                                                                                  ^
/Users/runner/work/Mithril-Wrapper/Mithril-Wrapper/Mithril-Wrapper-cpp/MG_Backend/DirectVulkan/ImageOps.cpp:2111:91: warning: missing field 'pNext' initializer [-Wmissing-field-initializers]
 2111 |         VkPipelineRenderingCreateInfo rci{VK_STRUCTURE_TYPE_PIPELINE_RENDERING_CREATE_INFO};
      |                                                                                           ^
/Users/runner/work/Mithril-Wrapper/Mithril-Wrapper/Mithril-Wrapper-cpp/MG_Backend/DirectVulkan/ImageOps.cpp:2113:88: warning: missing field 'pNext' initializer [-Wmissing-field-initializers]
 2113 |         VkGraphicsPipelineCreateInfo gi{VK_STRUCTURE_TYPE_GRAPHICS_PIPELINE_CREATE_INFO};
      |                                                                                        ^
/Users/runner/work/Mithril-Wrapper/Mithril-Wrapper/Mithril-Wrapper-cpp/MG_Backend/DirectVulkan/ImageOps.cpp:2114:100: warning: missing field 'pNext' initializer [-Wmissing-field-initializers]
 2114 |         VkPipelineShaderStageCreateInfo st[2]={{VK_STRUCTURE_TYPE_PIPELINE_SHADER_STAGE_CREATE_INFO},{VK_STRUCTURE_TYPE_PIPELINE_SHADER_STAGE_CREATE_INFO}};
      |                                                                                                    ^
/Users/runner/work/Mithril-Wrapper/Mithril-Wrapper/Mithril-Wrapper-cpp/MG_Backend/DirectVulkan/ImageOps.cpp:2114:154: warning: missing field 'pNext' initializer [-Wmissing-field-initializers]
 2114 |         VkPipelineShaderStageCreateInfo st[2]={{VK_STRUCTURE_TYPE_PIPELINE_SHADER_STAGE_CREATE_INFO},{VK_STRUCTURE_TYPE_PIPELINE_SHADER_STAGE_CREATE_INFO}};
      |                                                                                                                                                          ^
/Users/runner/work/Mithril-Wrapper/Mithril-Wrapper/Mithril-Wrapper-cpp/MG_Backend/DirectVulkan/ImageOps.cpp:2158:80: warning: missing field 'pNext' initializer [-Wmissing-field-initializers]
 2158 |         VkShaderModuleCreateInfo vm{VK_STRUCTURE_TYPE_SHADER_MODULE_CREATE_INFO};
      |                                                                                ^
/Users/runner/work/Mithril-Wrapper/Mithril-Wrapper/Mithril-Wrapper-cpp/MG_Backend/DirectVulkan/ImageOps.cpp:2163:106: warning: missing field 'pNext' initializer [-Wmissing-field-initializers]
 2163 |         VkPipelineVertexInputStateCreateInfo vi{VK_STRUCTURE_TYPE_PIPELINE_VERTEX_INPUT_STATE_CREATE_INFO};
      |                                                                                                          ^
/Users/runner/work/Mithril-Wrapper/Mithril-Wrapper/Mithril-Wrapper-cpp/MG_Backend/DirectVulkan/ImageOps.cpp:2164:110: warning: missing field 'pNext' initializer [-Wmissing-field-initializers]
 2164 |         VkPipelineInputAssemblyStateCreateInfo ia{VK_STRUCTURE_TYPE_PIPELINE_INPUT_ASSEMBLY_STATE_CREATE_INFO};
      |                                                                                                              ^
/Users/runner/work/Mithril-Wrapper/Mithril-Wrapper/Mithril-Wrapper-cpp/MG_Backend/DirectVulkan/ImageOps.cpp:2166:99: warning: missing field 'pNext' initializer [-Wmissing-field-initializers]
 2166 |         VkPipelineViewportStateCreateInfo vp{VK_STRUCTURE_TYPE_PIPELINE_VIEWPORT_STATE_CREATE_INFO};
      |                                                                                                   ^
/Users/runner/work/Mithril-Wrapper/Mithril-Wrapper/Mithril-Wrapper-cpp/MG_Backend/DirectVulkan/ImageOps.cpp:2168:109: warning: missing field 'pNext' initializer [-Wmissing-field-initializers]
 2168 |         VkPipelineRasterizationStateCreateInfo rs{VK_STRUCTURE_TYPE_PIPELINE_RASTERIZATION_STATE_CREATE_INFO};
      |                                                                                                             ^
/Users/runner/work/Mithril-Wrapper/Mithril-Wrapper/Mithril-Wrapper-cpp/MG_Backend/DirectVulkan/ImageOps.cpp:2171:105: warning: missing field 'pNext' initializer [-Wmissing-field-initializers]
 2171 |         VkPipelineMultisampleStateCreateInfo ms{VK_STRUCTURE_TYPE_PIPELINE_MULTISAMPLE_STATE_CREATE_INFO};
      |                                                                                                         ^
/Users/runner/work/Mithril-Wrapper/Mithril-Wrapper/Mithril-Wrapper-cpp/MG_Backend/DirectVulkan/ImageOps.cpp:2173:104: warning: missing field 'pNext' initializer [-Wmissing-field-initializers]
 2173 |         VkPipelineColorBlendStateCreateInfo cb{VK_STRUCTURE_TYPE_PIPELINE_COLOR_BLEND_STATE_CREATE_INFO};
      |                                                                                                        ^
/Users/runner/work/Mithril-Wrapper/Mithril-Wrapper/Mithril-Wrapper-cpp/MG_Backend/DirectVulkan/ImageOps.cpp:2177:98: warning: missing field 'pNext' initializer [-Wmissing-field-initializers]
 2177 |         VkPipelineDynamicStateCreateInfo dyn{VK_STRUCTURE_TYPE_PIPELINE_DYNAMIC_STATE_CREATE_INFO};
      |                                                                                                  ^
/Users/runner/work/Mithril-Wrapper/Mithril-Wrapper/Mithril-Wrapper-cpp/MG_Backend/DirectVulkan/ImageOps.cpp:2179:91: warning: missing field 'pNext' initializer [-Wmissing-field-initializers]
 2179 |         VkPipelineRenderingCreateInfo rci{VK_STRUCTURE_TYPE_PIPELINE_RENDERING_CREATE_INFO};
      |                                                                                           ^
/Users/runner/work/Mithril-Wrapper/Mithril-Wrapper/Mithril-Wrapper-cpp/MG_Backend/DirectVulkan/ImageOps.cpp:2181:88: warning: missing field 'pNext' initializer [-Wmissing-field-initializers]
 2181 |         VkGraphicsPipelineCreateInfo gi{VK_STRUCTURE_TYPE_GRAPHICS_PIPELINE_CREATE_INFO};
      |                                                                                        ^
/Users/runner/work/Mithril-Wrapper/Mithril-Wrapper/Mithril-Wrapper-cpp/MG_Backend/DirectVulkan/ImageOps.cpp:2182:100: warning: missing field 'pNext' initializer [-Wmissing-field-initializers]
 2182 |         VkPipelineShaderStageCreateInfo st[2]={{VK_STRUCTURE_TYPE_PIPELINE_SHADER_STAGE_CREATE_INFO},{VK_STRUCTURE_TYPE_PIPELINE_SHADER_STAGE_CREATE_INFO}};
      |                                                                                                    ^
/Users/runner/work/Mithril-Wrapper/Mithril-Wrapper/Mithril-Wrapper-cpp/MG_Backend/DirectVulkan/ImageOps.cpp:2182:154: warning: missing field 'pNext' initializer [-Wmissing-field-initializers]
 2182 |         VkPipelineShaderStageCreateInfo st[2]={{VK_STRUCTURE_TYPE_PIPELINE_SHADER_STAGE_CREATE_INFO},{VK_STRUCTURE_TYPE_PIPELINE_SHADER_STAGE_CREATE_INFO}};
      |                                                                                                                                                          ^
63 warnings generated.
[77/88] Building CXX object CMakeFiles/mithril.dir/Mithril-Wrapper-cpp/MG_Backend/DirectVulkan/Reflect.cpp.o
[78/88] Building CXX object CMakeFiles/mithril.dir/Mithril-Wrapper-cpp/MG_Backend/DirectVulkan/SwapchainCommon.cpp.o
[79/88] Building OBJCXX object CMakeFiles/mithril.dir/Mithril-Wrapper-cpp/egl/SurfaceMetal.mm.o
[80/88] Building CXX object CMakeFiles/mithril.dir/Mithril-Wrapper-cpp/egl/SwapchainHelper.cpp.o
[81/88] Building CXX object CMakeFiles/mithril.dir/Mithril-Wrapper-cpp/egl/egl.cpp.o
[82/88] Building OBJCXX object CMakeFiles/mithril.dir/Mithril-Wrapper-cpp/MG_Backend/DirectVulkan/SwapchainMetal.mm.o
[83/88] Building OBJCXX object CMakeFiles/mithril.dir/Mithril-Wrapper-cpp/MG_Impl/Getter_gpu.mm.o
[84/88] Linking CXX static library Mithril-Wrapper-cpp/3rdparty/glslang/SPIRV/libSPIRV.a
[85/88] Linking CXX static library Mithril-Wrapper-cpp/3rdparty/glslang/glslang/libglslang.a
[86/88] Linking CXX static library Mithril-Wrapper-cpp/3rdparty/glslang/glslang/libglslang-default-resource-limits.a
[87/88] Linking CXX static library Mithril-Wrapper-cpp/3rdparty/SPIRV-Cross/libspirv-cross-core.a
[88/88] Linking CXX shared library libmithril.dylib
ld: warning: ignoring duplicate libraries: 'Mithril-Wrapper-cpp/3rdparty/glslang/glslang/libglslang.a'
